<?xml version="1.0" encoding="UTF-8"?>
<testsuites>
  <testsuite name="CLI Arguments" tests="17" assertions="19" errors="0" failures="0" skipped="0" time="0.009519">
    <testsuite name="Gendiff\Tests\DifferTest" file="/home/user/php-project-48/tests/DifferTest.php" tests="9" assertions="9" errors="0" failures="0" skipped="0" time="0.006082">
      <testsuite name="Gendiff\Tests\DifferTest::testMainFlow" tests="6" assertions="6" errors="0" failures="0" skipped="0" time="0.004624">
        <testcase name="testMainFlow with data set &quot;Parsed and compared different files JSON&quot;" file="/home/user/php-project-48/tests/DifferTest.php" line="18" class="Gendiff\Tests\DifferTest" classname="Gendiff.Tests.DifferTest" assertions="1" time="0.003440"/>
        <testcase name="testMainFlow with data set &quot;Parsed and compared different files YML&quot;" file="/home/user/php-project-48/tests/DifferTest.php" line="18" class="Gendiff\Tests\DifferTest" classname="Gendiff.Tests.DifferTest" assertions="1" time="0.000246"/>
        <testcase name="testMainFlow with data set &quot;Parsed and compared different files JSON and YML&quot;" file="/home/user/php-project-48/tests/DifferTest.php" line="18" class="Gendiff\Tests\DifferTest" classname="Gendiff.Tests.DifferTest" assertions="1" time="0.000248"/>
        <testcase name="testMainFlow with data set &quot;Parsed and compared same files JSON&quot;" file="/home/user/php-project-48/tests/DifferTest.php" line="18" class="Gendiff\Tests\DifferTest" classname="Gendiff.Tests.DifferTest" assertions="1" time="0.000227"/>
        <testcase name="testMainFlow with data set &quot;Parsed and compared same files YML&quot;" file="/home/user/php-project-48/tests/DifferTest.php" line="18" class="Gendiff\Tests\DifferTest" classname="Gendiff.Tests.DifferTest" assertions="1" time="0.000222"/>
        <testcase name="testMainFlow with data set &quot;Parsed and compared same files JSON and YML&quot;" file="/home/user/php-project-48/tests/DifferTest.php" line="18" class="Gendiff\Tests\DifferTest" classname="Gendiff.Tests.DifferTest" assertions="1" time="0.000240"/>
      </testsuite>
      <testcase name="testCompareEmptyFileVsNonEmptyFile" file="/home/user/php-project-48/tests/DifferTest.php" line="65" class="Gendiff\Tests\DifferTest" classname="Gendiff.Tests.DifferTest" assertions="1" time="0.000452"/>
      <testcase name="testCompareNonEmptyFileVsEmptyFile" file="/home/user/php-project-48/tests/DifferTest.php" line="88" class="Gendiff\Tests\DifferTest" classname="Gendiff.Tests.DifferTest" assertions="1" time="0.000388"/>
      <testcase name="testCompareEmptyFiles" file="/home/user/php-project-48/tests/DifferTest.php" line="110" class="Gendiff\Tests\DifferTest" classname="Gendiff.Tests.DifferTest" assertions="1" time="0.000618"/>
    </testsuite>
    <testsuite name="Gendiff\Tests\ParserTest" file="/home/user/php-project-48/tests/ParserTest.php" tests="6" assertions="8" errors="0" failures="0" skipped="0" time="0.002652">
      <testsuite name="Gendiff\Tests\ParserTest::testMainFlow" tests="4" assertions="4" errors="0" failures="0" skipped="0" time="0.001759">
        <testcase name="testMainFlow with data set &quot;Parse file1.json&quot;" file="/home/user/php-project-48/tests/ParserTest.php" line="14" class="Gendiff\Tests\ParserTest" classname="Gendiff.Tests.ParserTest" assertions="1" time="0.000465"/>
        <testcase name="testMainFlow with data set &quot;Parse file2.json&quot;" file="/home/user/php-project-48/tests/ParserTest.php" line="14" class="Gendiff\Tests\ParserTest" classname="Gendiff.Tests.ParserTest" assertions="1" time="0.000350"/>
        <testcase name="testMainFlow with data set &quot;Parse file3.yml&quot;" file="/home/user/php-project-48/tests/ParserTest.php" line="14" class="Gendiff\Tests\ParserTest" classname="Gendiff.Tests.ParserTest" assertions="1" time="0.000514"/>
        <testcase name="testMainFlow with data set &quot;Parse file4.yaml&quot;" file="/home/user/php-project-48/tests/ParserTest.php" line="14" class="Gendiff\Tests\ParserTest" classname="Gendiff.Tests.ParserTest" assertions="1" time="0.000430"/>
      </testsuite>
      <testcase name="testEmptyExtension" file="/home/user/php-project-48/tests/ParserTest.php" line="21" class="Gendiff\Tests\ParserTest" classname="Gendiff.Tests.ParserTest" assertions="2" time="0.000459"/>
      <testcase name="testInvalidExtension" file="/home/user/php-project-48/tests/ParserTest.php" line="36" class="Gendiff\Tests\ParserTest" classname="Gendiff.Tests.ParserTest" assertions="2" time="0.000434"/>
    </testsuite>
    <testsuite name="Gendiff\tests\functionsTest" file="/home/user/php-project-48/tests/functionsTest.php" tests="2" assertions="2" errors="0" failures="0" skipped="0" time="0.000785">
      <testsuite name="Gendiff\tests\functionsTest::testMainFlow" tests="1" assertions="1" errors="0" failures="0" skipped="0" time="0.000364">
        <testcase name="testMainFlow with data set &quot;Paths to files JSON&quot;" file="/home/user/php-project-48/tests/functionsTest.php" line="14" class="Gendiff\tests\functionsTest" classname="Gendiff.tests.functionsTest" assertions="1" time="0.000364"/>
      </testsuite>
      <testcase name="testGendiffWithNotExistingFile" file="/home/user/php-project-48/tests/functionsTest.php" line="21" class="Gendiff\tests\functionsTest" classname="Gendiff.tests.functionsTest" assertions="1" time="0.000421"/>
    </testsuite>
  </testsuite>
</testsuites>
